// Jest Snapshot v1, https://goo.gl/fbAQLP

exports[`Home snapshot renders with given state in redux store 1`] = `
<div
  className="container"
>
  <div
    className="search-bar-wrapper"
  >
    <input
      className="search-bar-input"
      defaultValue="cats"
      onChange={[Function]}
      placeholder="Search a gif..."
    />
    <button
      className="search-button"
      onClick={[Function]}
    >
      Search
    </button>
  </div>
  <div
    className="is-hidden-mobile"
  >
    <div
      className="paginatin-tab"
    >
      <div
        className="page-buttons-wrapper"
      >
        <button
          className="page-button"
          onClick={[Function]}
        >
          Prev
        </button>
        <button
          className="page-button is-active"
          onClick={[Function]}
        >
          1
        </button>
        <button
          className="page-button "
          onClick={[Function]}
        >
          2
        </button>
        <button
          className="page-button "
          onClick={[Function]}
        >
          3
        </button>
        <button
          className="page-button "
          onClick={[Function]}
        >
          4
        </button>
        <button
          className="page-button "
          onClick={[Function]}
        >
          5
        </button>
        <button
          className="page-button "
          onClick={[Function]}
        >
          6
        </button>
        <button
          className="page-button"
          onClick={[Function]}
        >
          Next
        </button>
      </div>
    </div>
  </div>
  <div
    className="gif-status-section"
  >
    <p
      className="status-text"
    >
      No Gifs Found.
    </p>
    ;
  </div>
</div>
`;
