// Jest Snapshot v1, https://goo.gl/fbAQLP

exports[`PaginationTab snapshot renders 1`] = `
<div
  className="is-hidden-mobile"
>
  <div
    className="paginatin-tab"
  >
    <div
      className="page-buttons-wrapper"
    >
      <button
        className="page-button"
        onClick={[Function]}
      >
        Prev
      </button>
      <button
        className="page-button is-active"
        onClick={[Function]}
      >
        1
      </button>
      <button
        className="page-button "
        onClick={[Function]}
      >
        2
      </button>
      <button
        className="page-button "
        onClick={[Function]}
      >
        3
      </button>
      <button
        className="page-button "
        onClick={[Function]}
      >
        4
      </button>
      <button
        className="page-button "
        onClick={[Function]}
      >
        5
      </button>
      <button
        className="page-button "
        onClick={[Function]}
      >
        6
      </button>
      <button
        className="page-button "
        onClick={[Function]}
      >
        7
      </button>
      <button
        className="page-button "
        onClick={[Function]}
      >
        8
      </button>
      <button
        className="page-button "
        onClick={[Function]}
      >
        9
      </button>
      <button
        className="page-button "
        onClick={[Function]}
      >
        10
      </button>
      <button
        className="page-button"
        onClick={[Function]}
      >
        Next
      </button>
    </div>
  </div>
</div>
`;
